
Parikshit Ghosh@DESKTOP-GD6EAPV MINGW64 /e/trial1 (master)
$ cd ~/.ssh

Parikshit Ghosh@DESKTOP-GD6EAPV MINGW64 ~/.ssh
$ ls
id_rsa  id_rsa.pub

Parikshit Ghosh@DESKTOP-GD6EAPV MINGW64 ~/.ssh
$ cat id_rsa.pub
ssh-rsa AAAAB3NzaC1yc2EAAAADAQABAAACAQDc6V8i/AJt/pKi2+yW04X5WiqR7/AHMAcd64C3TERuJb8lItg0fC9zofsBeDtHOBXicNNr9pK1IrWDbpbI4C8jJ79krSA+jJskna2yKS2+NqeiBPRvi907dRiRFw6WcpugXciTjVjJR5AnzZd+u7OlitlVOcct4l22Udg+hQcYUTng02b+z8iBFLM65DHN5zRCPZwDXRtzTlKUjyHpeOnu/fRm8WqDbn0v4LtUD2omiJ4NKbKzfgH9OutAvv2rGufZ+4Eto2AWguxtz20u21o4hryNximbWXQKmcllf5PD0CWmBjmWTBDs0a3TLc3EApJSBxjN76YKCOBxNwBCrqSNKg+RQD5EsZelVyYJOV1kYo1pf8sQOVNJFMasWymicxjlt7lI1Uuy7tbJpTUJDDBnS5RRyNRZWvc2EFCBfpDpU5usLboEgr4jEgx2hS8OG1bxBs0esi8/DBWXGcJpwVqw6RprAW7caGA7pyJ7WUHRktYNnUwuiDrr0Z00D8LJrqnc9YIKCB6vq7Wkx0g0H7RI5gZ0pu8aqP6OVundunIS2AXC+s6rjKFrDPXgWjbiATu9mpi4NZcTqZI1nyKHxMrJax4clXmXsBYwvCumqdWPmcF5P4SQsNQ8erOfXl/nENkdtMX1leJRo1ROy08+idV0Xbs+Zj11vt1uSrPflP4zBQ== parikshitghosh3@gmail.com

Parikshit Ghosh@DESKTOP-GD6EAPV MINGW64 ~/.ssh
$ ^C

Parikshit Ghosh@DESKTOP-GD6EAPV MINGW64 ~/.ssh
$ git log
fatal: not a git repository (or any of the parent directories): .git

Parikshit Ghosh@DESKTOP-GD6EAPV MINGW64 ~/.ssh
$ cd E:

Parikshit Ghosh@DESKTOP-GD6EAPV MINGW64 /e
$ cd trial1

Parikshit Ghosh@DESKTOP-GD6EAPV MINGW64 /e/trial1 (master)
$ cd

Parikshit Ghosh@DESKTOP-GD6EAPV MINGW64 ~
$ cd e:

Parikshit Ghosh@DESKTOP-GD6EAPV MINGW64 /e
$ mkdir temp

Parikshit Ghosh@DESKTOP-GD6EAPV MINGW64 /e
$ cd temp

Parikshit Ghosh@DESKTOP-GD6EAPV MINGW64 /e/temp
$ git clone git@github.com:parikshitghosh3/temp_learning_repo.git
Cloning into 'temp_learning_repo'...
The authenticity of host 'github.com (13.234.210.38)' can't be established.
RSA key fingerprint is SHA256:nThbg6kXUpJWGl7E1IGOCspRomTxdCARLviKw6E5SY8.
Are you sure you want to continue connecting (yes/no/[fingerprint])? yes
Warning: Permanently added 'github.com,13.234.210.38' (RSA) to the list of known hosts.
Enter passphrase for key '/c/Users/Parikshit Ghosh/.ssh/id_rsa':
remote: Enumerating objects: 3, done.
remote: Counting objects: 100% (3/3), done.
remote: Total 3 (delta 0), reused 0 (delta 0), pack-reused 0
Receiving objects: 100% (3/3), done.

Parikshit Ghosh@DESKTOP-GD6EAPV MINGW64 /e/temp
$ cd temp_learning_repo

Parikshit Ghosh@DESKTOP-GD6EAPV MINGW64 /e/temp/temp_learning_repo (master)
$ dir
README.md

Parikshit Ghosh@DESKTOP-GD6EAPV MINGW64 /e/temp/temp_learning_repo (master)
$ die -la
bash: die: command not found

Parikshit Ghosh@DESKTOP-GD6EAPV MINGW64 /e/temp/temp_learning_repo (master)
$ git log
commit c6efae65a08a01fa50beb398b011d5d27a5c883e (HEAD -> master, origin/master, origin/HEAD)
Author: Parikshit Ghosh <parikshitghosh3@gmail.com>
Date:   Fri Apr 24 11:18:25 2020 +0530

    Initial commit

Parikshit Ghosh@DESKTOP-GD6EAPV MINGW64 /e/temp/temp_learning_repo (master)
$ git log --oneline
c6efae6 (HEAD -> master, origin/master, origin/HEAD) Initial commit

Parikshit Ghosh@DESKTOP-GD6EAPV MINGW64 /e/temp/temp_learning_repo (master)
$ touch tem.txt

Parikshit Ghosh@DESKTOP-GD6EAPV MINGW64 /e/temp/temp_learning_repo (master)
$ git add tem.txt

Parikshit Ghosh@DESKTOP-GD6EAPV MINGW64 /e/temp/temp_learning_repo (master)
$ git commit -m "tem file commit"
[master 2abd1b7] tem file commit
 1 file changed, 0 insertions(+), 0 deletions(-)
 create mode 100644 tem.txt

Parikshit Ghosh@DESKTOP-GD6EAPV MINGW64 /e/temp/temp_learning_repo (master)
$ git log
commit 2abd1b73d2a85da8b9c895f075f27ec501188e80 (HEAD -> master)
Author: parikshitghosh3 <parikshitghosh3@gmail.com>
Date:   Fri Apr 24 11:38:28 2020 +0530

    tem file commit

commit c6efae65a08a01fa50beb398b011d5d27a5c883e (origin/master, origin/HEAD)
Author: Parikshit Ghosh <parikshitghosh3@gmail.com>
Date:   Fri Apr 24 11:18:25 2020 +0530

    Initial commit

Parikshit Ghosh@DESKTOP-GD6EAPV MINGW64 /e/temp/temp_learning_repo (master)
$ git log --oneline
2abd1b7 (HEAD -> master) tem file commit
c6efae6 (origin/master, origin/HEAD) Initial commit

Parikshit Ghosh@DESKTOP-GD6EAPV MINGW64 /e/temp/temp_learning_repo (master)
$ git tag -a v0.0.1 -m "first tag"

Parikshit Ghosh@DESKTOP-GD6EAPV MINGW64 /e/temp/temp_learning_repo (master)
$ git push
Enter passphrase for key '/c/Users/Parikshit Ghosh/.ssh/id_rsa':
Enumerating objects: 4, done.
Counting objects: 100% (4/4), done.
Delta compression using up to 8 threads
Compressing objects: 100% (2/2), done.
Writing objects: 100% (3/3), 271 bytes | 271.00 KiB/s, done.
Total 3 (delta 0), reused 0 (delta 0), pack-reused 0
To github.com:parikshitghosh3/temp_learning_repo.git
   c6efae6..2abd1b7  master -> master

Parikshit Ghosh@DESKTOP-GD6EAPV MINGW64 /e/temp/temp_learning_repo (master)
$ git push origin v0.0.1
Enter passphrase for key '/c/Users/Parikshit Ghosh/.ssh/id_rsa':
Enumerating objects: 1, done.
Counting objects: 100% (1/1), done.
Writing objects: 100% (1/1), 160 bytes | 160.00 KiB/s, done.
Total 1 (delta 0), reused 0 (delta 0), pack-reused 0
To github.com:parikshitghosh3/temp_learning_repo.git
 * [new tag]         v0.0.1 -> v0.0.1

Parikshit Ghosh@DESKTOP-GD6EAPV MINGW64 /e/temp/temp_learning_repo (master)
$ git checkout v0.0.1
Note: switching to 'v0.0.1'.

You are in 'detached HEAD' state. You can look around, make experimental
changes and commit them, and you can discard any commits you make in this
state without impacting any branches by switching back to a branch.

If you want to create a new branch to retain commits you create, you may
do so (now or later) by using -c with the switch command. Example:

  git switch -c <new-branch-name>

Or undo this operation with:

  git switch -

Turn off this advice by setting config variable advice.detachedHead to false

HEAD is now at 2abd1b7 tem file commit

Parikshit Ghosh@DESKTOP-GD6EAPV MINGW64 /e/temp/temp_learning_repo ((v0.0.1))
$ git checkout master
Switched to branch 'master'
Your branch is up to date with 'origin/master'.

Parikshit Ghosh@DESKTOP-GD6EAPV MINGW64 /e/temp/temp_learning_repo (master)
$ git branch temp_branch

Parikshit Ghosh@DESKTOP-GD6EAPV MINGW64 /e/temp/temp_learning_repo (master)
$ git branch -a
* master
  temp_branch
  remotes/origin/HEAD -> origin/master
  remotes/origin/master

Parikshit Ghosh@DESKTOP-GD6EAPV MINGW64 /e/temp/temp_learning_repo (master)
$ dir
README.md  tem.txt

Parikshit Ghosh@DESKTOP-GD6EAPV MINGW64 /e/temp/temp_learning_repo (master)
$ tem.txt
bash: tem.txt: command not found

Parikshit Ghosh@DESKTOP-GD6EAPV MINGW64 /e/temp/temp_learning_repo (master)
$ cd tem.txt
bash: cd: tem.txt: Not a directory

Parikshit Ghosh@DESKTOP-GD6EAPV MINGW64 /e/temp/temp_learning_repo (master)
$ nano tem.txt

Parikshit Ghosh@DESKTOP-GD6EAPV MINGW64 /e/temp/temp_learning_repo (master)
$ git status
On branch master
Your branch is up to date with 'origin/master'.

Changes not staged for commit:
  (use "git add <file>..." to update what will be committed)
  (use "git restore <file>..." to discard changes in working directory)
        modified:   tem.txt

no changes added to commit (use "git add" and/or "git commit -a")

Parikshit Ghosh@DESKTOP-GD6EAPV MINGW64 /e/temp/temp_learning_repo (master)
$ git checkout temp_branch
Switched to branch 'temp_branch'
M       tem.txt

Parikshit Ghosh@DESKTOP-GD6EAPV MINGW64 /e/temp/temp_learning_repo (temp_branch)
$ touch tem1.txt

Parikshit Ghosh@DESKTOP-GD6EAPV MINGW64 /e/temp/temp_learning_repo (temp_branch)
$ nano tem1.text

Parikshit Ghosh@DESKTOP-GD6EAPV MINGW64 /e/temp/temp_learning_repo (temp_branch)
$ git status
On branch temp_branch
Changes not staged for commit:
  (use "git add <file>..." to update what will be committed)
  (use "git restore <file>..." to discard changes in working directory)
        modified:   tem.txt

Untracked files:
  (use "git add <file>..." to include in what will be committed)
        tem1.text
        tem1.txt

no changes added to commit (use "git add" and/or "git commit -a")

Parikshit Ghosh@DESKTOP-GD6EAPV MINGW64 /e/temp/temp_learning_repo (temp_branch)
$ git add -a
error: unknown switch `a'
usage: git add [<options>] [--] <pathspec>...

    -n, --dry-run         dry run
    -v, --verbose         be verbose

    -i, --interactive     interactive picking
    -p, --patch           select hunks interactively
    -e, --edit            edit current diff and apply
    -f, --force           allow adding otherwise ignored files
    -u, --update          update tracked files
    --renormalize         renormalize EOL of tracked files (implies -u)
    -N, --intent-to-add   record only the fact that the path will be added later
    -A, --all             add changes from all tracked and untracked files
    --ignore-removal      ignore paths removed in the working tree (same as --noll)
    --refresh             don't add, only refresh the index
    --ignore-errors       just skip files which cannot be added because of error
    --ignore-missing      check if - even missing - files are ignored in dry run
    --chmod (+|-)x        override the executable bit of the listed files
    --pathspec-from-file <file>
                          read pathspec from file
    --pathspec-file-nul   with --pathspec-from-file, pathspec elements are separed with NUL character


Parikshit Ghosh@DESKTOP-GD6EAPV MINGW64 /e/temp/temp_learning_repo (temp_branch)
$ git add tem1.txt

Parikshit Ghosh@DESKTOP-GD6EAPV MINGW64 /e/temp/temp_learning_repo (temp_branch)
$ git commit -m "Second file "
[temp_branch fe0f935] Second file
 1 file changed, 0 insertions(+), 0 deletions(-)
 create mode 100644 tem1.txt

Parikshit Ghosh@DESKTOP-GD6EAPV MINGW64 /e/temp/temp_learning_repo (temp_branch)
$ git push
fatal: The current branch temp_branch has no upstream branch.
To push the current branch and set the remote as upstream, use

    git push --set-upstream origin temp_branch


Parikshit Ghosh@DESKTOP-GD6EAPV MINGW64 /e/temp/temp_learning_repo (temp_branch)
$ git checkout master
Switched to branch 'master'
M       tem.txt
Your branch is up to date with 'origin/master'.

Parikshit Ghosh@DESKTOP-GD6EAPV MINGW64 /e/temp/temp_learning_repo (master)
$ git push
Enter passphrase for key '/c/Users/Parikshit Ghosh/.ssh/id_rsa':
Everything up-to-date

Parikshit Ghosh@DESKTOP-GD6EAPV MINGW64 /e/temp/temp_learning_repo (master)
$ git status
On branch master
Your branch is up to date with 'origin/master'.

Changes not staged for commit:
  (use "git add <file>..." to update what will be committed)
  (use "git restore <file>..." to discard changes in working directory)
        modified:   tem.txt

Untracked files:
  (use "git add <file>..." to include in what will be committed)
        tem1.text

no changes added to commit (use "git add" and/or "git commit -a")

Parikshit Ghosh@DESKTOP-GD6EAPV MINGW64 /e/temp/temp_learning_repo (master)
$ git add tem1.txt
fatal: pathspec 'tem1.txt' did not match any files

Parikshit Ghosh@DESKTOP-GD6EAPV MINGW64 /e/temp/temp_learning_repo (master)
$ git chekout temp_branch
git: 'chekout' is not a git command. See 'git --help'.

The most similar command is
        checkout

Parikshit Ghosh@DESKTOP-GD6EAPV MINGW64 /e/temp/temp_learning_repo (master)
$ git branch -a
* master
  temp_branch
  remotes/origin/HEAD -> origin/master
  remotes/origin/master

Parikshit Ghosh@DESKTOP-GD6EAPV MINGW64 /e/temp/temp_learning_repo (master)
$ git checkout temp_branch
Switched to branch 'temp_branch'
M       tem.txt

Parikshit Ghosh@DESKTOP-GD6EAPV MINGW64 /e/temp/temp_learning_repo (temp_branch)
$ git commit -m "random commit"
On branch temp_branch
Changes not staged for commit:
  (use "git add <file>..." to update what will be committed)
  (use "git restore <file>..." to discard changes in working directory)
        modified:   tem.txt

Untracked files:
  (use "git add <file>..." to include in what will be committed)
        tem1.text

no changes added to commit (use "git add" and/or "git commit -a")

Parikshit Ghosh@DESKTOP-GD6EAPV MINGW64 /e/temp/temp_learning_repo (temp_branch)
$ git push
fatal: The current branch temp_branch has no upstream branch.
To push the current branch and set the remote as upstream, use

    git push --set-upstream origin temp_branch


Parikshit Ghosh@DESKTOP-GD6EAPV MINGW64 /e/temp/temp_learning_repo (temp_branch)
$ git checkout master
Switched to branch 'master'
M       tem.txt
Your branch is up to date with 'origin/master'.

Parikshit Ghosh@DESKTOP-GD6EAPV MINGW64 /e/temp/temp_learning_repo (master)
$ git push
Warning: Permanently added the RSA host key for IP address '13.234.176.102' to t list of known hosts.
Enter passphrase for key '/c/Users/Parikshit Ghosh/.ssh/id_rsa':
Everything up-to-date

Parikshit Ghosh@DESKTOP-GD6EAPV MINGW64 /e/temp/temp_learning_repo (master)
$ git checkout temp_branch
Switched to branch 'temp_branch'
M       tem.txt

Parikshit Ghosh@DESKTOP-GD6EAPV MINGW64 /e/temp/temp_learning_repo (temp_branch)
$ git push --set-upstream origin temp_branch
Enter passphrase for key '/c/Users/Parikshit Ghosh/.ssh/id_rsa':
Enumerating objects: 3, done.
Counting objects: 100% (3/3), done.
Delta compression using up to 8 threads
Compressing objects: 100% (2/2), done.
Writing objects: 100% (2/2), 271 bytes | 271.00 KiB/s, done.
Total 2 (delta 0), reused 0 (delta 0), pack-reused 0
remote:
remote: Create a pull request for 'temp_branch' on GitHub by visiting:
remote:      https://github.com/parikshitghosh3/temp_learning_repo/pull/new/tempranch
remote:
To github.com:parikshitghosh3/temp_learning_repo.git
 * [new branch]      temp_branch -> temp_branch
Branch 'temp_branch' set up to track remote branch 'temp_branch' from 'origin'.

Parikshit Ghosh@DESKTOP-GD6EAPV MINGW64 /e/temp/temp_learning_repo (temp_branch)
$ nano tem.txt

Parikshit Ghosh@DESKTOP-GD6EAPV MINGW64 /e/temp/temp_learning_repo (temp_branch)
$ git status
On branch temp_branch
Your branch is up to date with 'origin/temp_branch'.

Changes not staged for commit:
  (use "git add <file>..." to update what will be committed)
  (use "git restore <file>..." to discard changes in working directory)
        modified:   tem.txt

Untracked files:
  (use "git add <file>..." to include in what will be committed)
        tem1.text

no changes added to commit (use "git add" and/or "git commit -a")

Parikshit Ghosh@DESKTOP-GD6EAPV MINGW64 /e/temp/temp_learning_repo (temp_branch)
$ git add tem1.txt

Parikshit Ghosh@DESKTOP-GD6EAPV MINGW64 /e/temp/temp_learning_repo (temp_branch)
$ git add tem.txt

Parikshit Ghosh@DESKTOP-GD6EAPV MINGW64 /e/temp/temp_learning_repo (temp_branch)
$ git push
Enter passphrase for key '/c/Users/Parikshit Ghosh/.ssh/id_rsa':
Everything up-to-date

Parikshit Ghosh@DESKTOP-GD6EAPV MINGW64 /e/temp/temp_learning_repo (temp_branch)
$ git status
On branch temp_branch
Your branch is up to date with 'origin/temp_branch'.

Changes to be committed:
  (use "git restore --staged <file>..." to unstage)
        modified:   tem.txt

Untracked files:
  (use "git add <file>..." to include in what will be committed)
        tem1.text


Parikshit Ghosh@DESKTOP-GD6EAPV MINGW64 /e/temp/temp_learning_repo (temp_branch)
$ git add tem1.txt

Parikshit Ghosh@DESKTOP-GD6EAPV MINGW64 /e/temp/temp_learning_repo (temp_branch)
$ git push
Enter passphrase for key '/c/Users/Parikshit Ghosh/.ssh/id_rsa':
Everything up-to-date

Parikshit Ghosh@DESKTOP-GD6EAPV MINGW64 /e/temp/temp_learning_repo (temp_branch)
$ git status
On branch temp_branch
Your branch is up to date with 'origin/temp_branch'.

Changes to be committed:
  (use "git restore --staged <file>..." to unstage)
        modified:   tem.txt

Untracked files:
  (use "git add <file>..." to include in what will be committed)
        tem1.text


Parikshit Ghosh@DESKTOP-GD6EAPV MINGW64 /e/temp/temp_learning_repo (temp_branch)
$ git commit -m "dont know whats going on "
[temp_branch 54c3338] dont know whats going on
 1 file changed, 1 insertion(+)

Parikshit Ghosh@DESKTOP-GD6EAPV MINGW64 /e/temp/temp_learning_repo (temp_branch)
$ git push
Enter passphrase for key '/c/Users/Parikshit Ghosh/.ssh/id_rsa':
Enumerating objects: 5, done.
Counting objects: 100% (5/5), done.
Delta compression using up to 8 threads
Compressing objects: 100% (2/2), done.
Writing objects: 100% (3/3), 330 bytes | 330.00 KiB/s, done.
Total 3 (delta 0), reused 0 (delta 0), pack-reused 0
To github.com:parikshitghosh3/temp_learning_repo.git
   fe0f935..54c3338  temp_branch -> temp_branch

Parikshit Ghosh@DESKTOP-GD6EAPV MINGW64 /e/temp/temp_learning_repo (temp_branch)
$ git status
On branch temp_branch
Your branch is up to date with 'origin/temp_branch'.

Untracked files:
  (use "git add <file>..." to include in what will be committed)
        tem1.text

nothing added to commit but untracked files present (use "git add" to track)

Parikshit Ghosh@DESKTOP-GD6EAPV MINGW64 /e/temp/temp_learning_repo (temp_branch)
$ ^C

Parikshit Ghosh@DESKTOP-GD6EAPV MINGW64 /e/temp/temp_learning_repo (temp_branch)
$
